export const snapshot = {};

snapshot[`Issue Start Command - Help Text 1`] = `
stdout:
"
Usage: start [issueId]

Description:

  Start working on an issue

Options:

  -h, --help                      - Show this help.                                                 
  -A, --all-assignees             - Show issues for all assignees                                   
  -U, --unassigned                - Show only unassigned issues                                     
  -f, --from-ref       <fromRef>  - Git ref to create new branch from                               
  -b, --branch         <branch>   - Custom branch name to use instead of the issue identifier       
  -i, --interactive               - Enable interactive issue selection                              
  --dry-run                       - Preview the branch and state transition without making changes  

Examples:

  Preview the branch and state transition linear issue start ENG-123 --dry-run
  Pick from all unstarted issues          linear issue start --all-assignees  

"
stderr:
""
`;

snapshot[`Issue Start Command - Dry Run 1`] = `
stdout:
"Dry run: Would start work on issue ENG-123
- vcs: git
- branch: feature/eng-123-auth-hardening
- from ref: origin/main
- target state: In Progress
"
stderr:
""
`;

snapshot[`Issue Start Command - Requires Explicit Interactive Selection 1`] = `
stdout:
""
stderr:
"✗ Failed to start issue: Issue ID is required unless --profile human-debug --interactive is used
  Pass an issue ID like \`linear issue start ENG-123\`, or use --profile human-debug --interactive to pick from a list.
"
`;
