export const snapshot = {};

snapshot[`Issue Children Command - Help Text 1`] = `
stdout:
"
Usage: children [issueId]

Description:

  List child issues for an issue

Options:

  -h, --help  - Show this help.  
  -j, --json  - Output as JSON   

"
stderr:
""
`;

snapshot[`Issue Children Command - JSON Output 1`] = `
stdout:
'{
  "issue": {
    "id": "issue-parent-100",
    "identifier": "ENG-100",
    "title": "Parent planning issue",
    "url": "https://linear.app/test-team/issue/ENG-100/parent-planning-issue",
    "dueDate": null,
    "state": {
      "name": "Backlog",
      "color": "#999999"
    }
  },
  "children": [
    {
      "id": "issue-child-321",
      "identifier": "ENG-321",
      "title": "Implement child workflow",
      "url": "https://linear.app/test-team/issue/ENG-321/implement-child-workflow",
      "dueDate": "2026-04-10",
      "state": {
        "name": "In Progress",
        "color": "#f87462"
      }
    },
    {
      "id": "issue-child-322",
      "identifier": "ENG-322",
      "title": "Wire batch creation",
      "url": "https://linear.app/test-team/issue/ENG-322/wire-batch-creation",
      "dueDate": null,
      "state": {
        "name": "Todo",
        "color": "#cccccc"
      }
    }
  ]
}
'
stderr:
""
`;
